// Jest Snapshot v1, https://goo.gl/fbAQLP

exports[`Tests for <GifGridItem/> component It should render <GifGridItem/> correctly 1`] = `
<div
  className="card animate__animated animate__fadeIn"
>
  <img
    alt="Test title"
    src="https://www.google.com"
  />
  <p>
    Test title
  </p>
</div>
`;
